Microchip MPLAB XC8 Compiler V2.45

Linker command line:

-W-3 \
  --edf=C:\Program Files\Microchip\xc8\v2.45\pic\dat\20230818022343_en.msgs \
  -cn -h+dist/default/production\traffic_sign.X.production.sym \
  --cmf=dist/default/production\traffic_sign.X.production.cmf -z -Q18F4620 \
  -oC:\Users\20128\AppData\Local\Temp\xcAsma8.\driver_tmp_3.o \
  --defsym=__MPLAB_BUILD=1 --fixupoverflow=error \
  -Mdist/default/production/traffic_sign.X.production.map \
  --md=C:\Users\20128\AppData\Local\Temp\xcAsma8.\driver_tmp_0.dat -E1 \
  -ver=XC8 Compiler --acfsm=1493 -ACODE=00h-0FFFFh -ACONST=00h-0FFFFh \
  -ASMALLCONST=01000h-010FFhx240 -AMEDIUMCONST=01000h-0FFFFh \
  -ACOMRAM=01h-07Fh -AABS1=00h-0F7Fh -ABIGRAM=01h-0F7Fh \
  -ARAM=080h-0FFh,0100h-01FFhx14,0F00h-0F7Fh -ABANK0=080h-0FFh \
  -ABANK1=0100h-01FFh -ABANK2=0200h-02FFh -ABANK3=0300h-03FFh \
  -ABANK4=0400h-04FFh -ABANK5=0500h-05FFh -ABANK6=0600h-06FFh \
  -ABANK7=0700h-07FFh -ABANK8=0800h-08FFh -ABANK9=0900h-09FFh \
  -ABANK10=0A00h-0AFFh -ABANK11=0B00h-0BFFh -ABANK12=0C00h-0CFFh \
  -ABANK13=0D00h-0DFFh -ABANK14=0E00h-0EFFh -ABANK15=0F00h-0F7Fh \
  -ASFR=0F80h-0FFFh -ABIGSFR=0F80h-0FFFh -ACONFIG=0300000h-030000Dh \
  -AIDLOC=0200000h-0200007h -AEEDATA=0F00000h-0F003FFh -peeprom_data=EEDATA \
  -preset_vec=00h,intcode=08h,intcodelo,powerup,init -pramtop=01000h \
  -psmallconst=SMALLCONST -pmediumconst=MEDIUMCONST -pconst=CONST \
  -AFARRAM=00h-00h \
  -prdata=COMRAM,nvrram=COMRAM,nvbit=COMRAM,rbss=COMRAM,rbit=COMRAM \
  -pfarbss=FARRAM,fardata=FARRAM,nvFARRAM=FARRAM \
  -pintsave_regs=BIGRAM,bigbss=BIGRAM,bigdata=BIGRAM -pbss=RAM \
  -pidata=CODE,irdata=CODE,ibigdata=CODE,ifardata=CODE -prparam=COMRAM \
  C:\Users\20128\AppData\Local\Temp\xcAsma8.\driver_tmp_9.o \
  dist/default/production\traffic_sign.X.production.o 

Object code version is 3.11

Machine type is 18F4620



                Name                               Link     Load   Length Selector   Space Scale
C:\Users\20128\AppData\Local\Temp\xcAsma8.\driver_tmp_9.o
                config                           300000   300000        E        0       4
                init                                  E        E        4        4       0
                reset_vec                             0        0        4        0       0
dist/default/production\traffic_sign.X.production.o
                intcode                               8        8        6        4       0
                config                           300000   300000        E        0       4
                temp                                 6B       6B        1        1       1
                smallconst                         1000     1000        6      800       0
                text19                             159E     159E       C4      803       0
                text18                             1662     1662       B0      803       0
                text17                             146A     146A      134      803       0
                text16                             1B3C     1B3C       4A      803       0
                text15                             1AF2     1AF2       4A      803       0
                text14                             181C     181C       70      803       0
                text13                             1006     1006      1EC      803       0
                text12                             1BC2     1BC2       36      803       0
                intcode_body                       18F2     18F2       66      803       0
                text10                             17A4     17A4       78      803       0
                text9                              1A02     1A02       54      803       0
                text8                              1B86     1B86       3C      803       0
                text7                              1712     1712       92      803       0
                text6                              132E     132E      13C      803       0
                text5                              11F2     11F2      13C      803       0
                text4                              188C     188C       66      803       0
                text3                              19AE     19AE       54      803       0
                text2                              1AA8     1AA8       4A      803       0
                text1                              1A56     1A56       52      803       0
                text0                              1C3E     1C3E        C      803       0
                cstackCOMRAM                         56       56       15        1       1
                cstackBANK0                          9B       9B        F       80       1
                dataBANK0                            80       80       1B       80       1
                dataCOMRAM                            1        1       2B        1       1
                bssCOMRAM                            2C       2C       2A        1       1
                cinit                              1958     1958       56      803       0
                idataBANK0                         1C23     1C23       1B      803       0
                idataCOMRAM                        1BF8     1BF8       2B      803       0

TOTAL           Name                               Link     Load   Length     Space
        CLASS   CODE           
                intcode                               8        8        6         0
                init                                  E        E        4         0
                reset_vec                             0        0        4         0
                text19                             159E     159E       C4         0
                text18                             1662     1662       B0         0
                text17                             146A     146A      134         0
                text16                             1B3C     1B3C       4A         0
                text15                             1AF2     1AF2       4A         0
                text14                             181C     181C       70         0
                text13                             1006     1006      1EC         0
                text12                             1BC2     1BC2       36         0
                intcode_body                       18F2     18F2       66         0
                text10                             17A4     17A4       78         0
                text9                              1A02     1A02       54         0
                text8                              1B86     1B86       3C         0
                text7                              1712     1712       92         0
                text6                              132E     132E      13C         0
                text5                              11F2     11F2      13C         0
                text4                              188C     188C       66         0
                text3                              19AE     19AE       54         0
                text2                              1AA8     1AA8       4A         0
                text1                              1A56     1A56       52         0
                text0                              1C3E     1C3E        C         0
                cinit                              1958     1958       56         0
                idataBANK0                         1C23     1C23       1B         0
                idataCOMRAM                        1BF8     1BF8       2B         0

        CLASS   CONST          

        CLASS   SMALLCONST     
                smallconst                         1000     1000        6         0

        CLASS   MEDIUMCONST    

        CLASS   COMRAM         
                temp                                 6B       6B        1         1
                cstackCOMRAM                         56       56       15         1
                dataCOMRAM                            1        1       2B         1
                bssCOMRAM                            2C       2C       2A         1

        CLASS   ABS1           

        CLASS   BIGRAM         

        CLASS   RAM            

        CLASS   BANK0          
                cstackBANK0                          9B       9B        F         1
                dataBANK0                            80       80       1B         1

        CLASS   BANK1          

        CLASS   BANK2          

        CLASS   BANK3          

        CLASS   BANK4          

        CLASS   BANK5          

        CLASS   BANK6          

        CLASS   BANK7          

        CLASS   BANK8          

        CLASS   BANK9          

        CLASS   BANK10         

        CLASS   BANK11         

        CLASS   BANK12         

        CLASS   BANK13         

        CLASS   BANK14         

        CLASS   BANK15         

        CLASS   SFR            

        CLASS   BIGSFR         

        CLASS   CONFIG         
                config                           300000   300000        E         4

        CLASS   IDLOC          

        CLASS   EEDATA         

        CLASS   FARRAM         

        CLASS   HEAP           

        CLASS   STACK          



SEGMENTS        Name                           Load    Length   Top    Selector   Space  Class

                reset_vec                      000000  000004  000004         0       0  CODE    
                dataCOMRAM                     000001  00006B  00006C         1       1  COMRAM  
                intcode                        000008  00000A  000012         4       0  CODE    
                dataBANK0                      000080  00002A  0000AA        80       1  BANK0   
                smallconst                     001000  000006  001006       800       0  SMALLCON
                text13                         001006  000C44  001C4A       803       0  CODE    


UNUSED ADDRESS RANGES

        Name                Unused          Largest block    Delta
        BANK0            0000AA-0000FF               56
        BANK1            000100-0001FF              100
        BANK10           000A00-000AFF              100
        BANK11           000B00-000BFF              100
        BANK12           000C00-000CFF              100
        BANK13           000D00-000DFF              100
        BANK14           000E00-000EFF              100
        BANK15           000F00-000F7F               80
        BANK2            000200-0002FF              100
        BANK3            000300-0003FF              100
        BANK4            000400-0004FF              100
        BANK5            000500-0005FF              100
        BANK6            000600-0006FF              100
        BANK7            000700-0007FF              100
        BANK8            000800-0008FF              100
        BANK9            000900-0009FF              100
        BIGRAM           00006C-00007F               14
                         0000AA-000F7F              ED6
        BIGSFR           000F80-000FFF               80
        CODE             000004-000007                4
                         000012-000FFF              FEE
                         001C4A-00FFFF             E3B6
        COMRAM           00006C-00007F               14
        CONST            000004-000007                4
                         000012-000FFF              FEE
                         001C4A-00FFFF             E3B6
        EEDATA           F00000-F003FF              400
        IDLOC            200000-200007                8
        MEDIUMCONST      001C4A-00FFFF             E3B6
        RAM              0000AA-000F7F              100
        SFR              000F80-000FFF               80
        SMALLCONST       001C4A-00FFFF              100

                                  Symbol Table

?___awdiv                             cstackCOMRAM 000056
?___awmod                             cstackCOMRAM 000056
Timer0_Init@_timer                    cstackBANK0  00009D
Timer0_Init@ret                       cstackBANK0  0000A0
Timer0_Mode_Select@_timer             cstackBANK0  00009B
Timer0_Prescaler_Config@_timer        cstackBANK0  00009B
Timer0_Register_Size_Config@_timer    cstackBANK0  00009B
_INT0_InterruptHandler                bssCOMRAM    00004A
_INT1_InterruptHandler                bssCOMRAM    000048
_INT2_InterruptHandler                bssCOMRAM    000046
_INTCON2bits                          (abs)        000FF1
_INTCON3bits                          (abs)        000FF0
_INTCONbits                           (abs)        000FF2
_InterruptManager                     intcode      000008
_LATA                                 (abs)        000F89
_LATB                                 (abs)        000F8A
_LATC                                 (abs)        000F8B
_LATD                                 (abs)        000F8C
_LATE                                 (abs)        000F8D
_MY_TMR0_ISR                          text13       001006
_PORTA                                (abs)        000F80
_PORTB                                (abs)        000F81
_PORTC                                (abs)        000F82
_PORTD                                (abs)        000F83
_PORTE                                (abs)        000F84
_RB4_Flag                             dataCOMRAM   000010
_RB4_InterruptHandler_high            bssCOMRAM    000044
_RB4_InterruptHandler_low             bssCOMRAM    000042
_RB5_Flag                             dataCOMRAM   00000F
_RB5_InterruptHandler_high            bssCOMRAM    000040
_RB5_InterruptHandler_low             bssCOMRAM    00003E
_RB6_Flag                             dataCOMRAM   00000E
_RB6_InterruptHandler_high            bssCOMRAM    00003C
_RB6_InterruptHandler_low             bssCOMRAM    00003A
_RB7_Flag                             dataCOMRAM   00000D
_RB7_InterruptHandler_high            bssCOMRAM    000038
_RB7_InterruptHandler_low             bssCOMRAM    000036
_T0CONbits                            (abs)        000FD5
_TMR0H                                (abs)        000FD7
_TMR0L                                (abs)        000FD6
_TMR0_ISR                             text12       001BC2
_TMR0_InterruptHandler                bssCOMRAM    000034
_TRISA                                (abs)        000F92
_TRISB                                (abs)        000F93
_TRISC                                (abs)        000F94
_TRISD                                (abs)        000F95
_TRISE                                (abs)        000F96
_Timer0_Init                          text7        001712
_Timer0_Mode_Select                   text10       0017A4
_Timer0_Prescaler_Config              text9        001A02
_Timer0_Register_Size_Config          text8        001B86
__HRAM                                (abs)        000000
__H__absolute__                       __absolute__ 000000
__Habs1                               abs1         000000
__Hbank0                              bank0        000000
__Hbank1                              bank1        000000
__Hbank10                             bank10       000000
__Hbank11                             bank11       000000
__Hbank12                             bank12       000000
__Hbank13                             bank13       000000
__Hbank14                             bank14       000000
__Hbank15                             bank15       000000
__Hbank2                              bank2        000000
__Hbank3                              bank3        000000
__Hbank4                              bank4        000000
__Hbank5                              bank5        000000
__Hbank6                              bank6        000000
__Hbank7                              bank7        000000
__Hbank8                              bank8        000000
__Hbank9                              bank9        000000
__Hbigbss                             bigbss       000000
__Hbigdata                            bigdata      000000
__Hbigram                             bigram       000000
__Hbigsfr                             bigsfr       000000
__Hbss                                bss          000000
__HbssCOMRAM                          bssCOMRAM    000000
__Hcinit                              cinit        000000
__Hclrtext                            clrtext      000000
__Hcomram                             comram       000000
__Hconfig                             config       30000E
__Hconst                              const        000000
__HcstackBANK0                        cstackBANK0  000000
__HcstackCOMRAM                       cstackCOMRAM 000000
__Hdata                               data         000000
__HdataBANK0                          dataBANK0    000000
__HdataCOMRAM                         dataCOMRAM   000000
__Heeprom_data                        eeprom_data  000000
__Hfarbss                             farbss       000000
__Hfardata                            fardata      000000
__Hheap                               heap         000000
__Hibigdata                           ibigdata     000000
__Hidata                              idata        000000
__HidataBANK0                         idataBANK0   000000
__HidataCOMRAM                        idataCOMRAM  000000
__Hidloc                              idloc        000000
__Hifardata                           ifardata     000000
__Hinit                               init         000012
__Hintcode                            intcode      00000E
__Hintcode_body                       intcode_body 000000
__Hintcodelo                          intcodelo    00000E
__Hintentry                           intentry     000000
__Hintret                             intret       000000
__Hintsave_regs                       intsave_regs 000000
__Hirdata                             irdata       000000
__Hmediumconst                        mediumconst  000000
__HnvFARRAM                           nvFARRAM     000000
__Hnvbit                              nvbit        000000
__Hnvrram                             nvrram       000000
__Hparam                              rparam       000000
__Hpowerup                            powerup      00000E
__Hram                                ram          000000
__Hramtop                             ramtop       001000
__Hrbit                               rbit         000000
__Hrbss                               rbss         000000
__Hrdata                              rdata        000000
__Hreset_vec                          reset_vec    000004
__Hrparam                             rparam       000000
__Hsfr                                sfr          000000
__Hsmallconst                         smallconst   001006
__Hspace_0                            (abs)        001C4A
__Hspace_1                            (abs)        0000AA
__Hspace_2                            (abs)        000000
__Hspace_4                            (abs)        60000E
__Hstack                              stack        000000
__Hstruct                             struct       000000
__Htemp                               temp         00006C
__Htext                               text         000000
__Htext0                              text0        000000
__Htext1                              text1        000000
__Htext10                             text10       000000
__Htext12                             text12       000000
__Htext13                             text13       000000
__Htext14                             text14       000000
__Htext15                             text15       000000
__Htext16                             text16       000000
__Htext17                             text17       000000
__Htext18                             text18       000000
__Htext19                             text19       000000
__Htext2                              text2        000000
__Htext20                             text20       000000
__Htext3                              text3        000000
__Htext4                              text4        000000
__Htext5                              text5        000000
__Htext6                              text6        000000
__Htext7                              text7        000000
__Htext8                              text8        000000
__Htext9                              text9        000000
__LRAM                                (abs)        000001
__L__absolute__                       __absolute__ 000000
__Labs1                               abs1         000000
__Lbank0                              bank0        000000
__Lbank1                              bank1        000000
__Lbank10                             bank10       000000
__Lbank11                             bank11       000000
__Lbank12                             bank12       000000
__Lbank13                             bank13       000000
__Lbank14                             bank14       000000
__Lbank15                             bank15       000000
__Lbank2                              bank2        000000
__Lbank3                              bank3        000000
__Lbank4                              bank4        000000
__Lbank5                              bank5        000000
__Lbank6                              bank6        000000
__Lbank7                              bank7        000000
__Lbank8                              bank8        000000
__Lbank9                              bank9        000000
__Lbigbss                             bigbss       000000
__Lbigdata                            bigdata      000000
__Lbigram                             bigram       000000
__Lbigsfr                             bigsfr       000000
__Lbss                                bss          000000
__LbssCOMRAM                          bssCOMRAM    000000
__Lcinit                              cinit        000000
__Lclrtext                            clrtext      000000
__Lcomram                             comram       000000
__Lconfig                             config       000000
__Lconst                              const        000000
__LcstackBANK0                        cstackBANK0  000000
__LcstackCOMRAM                       cstackCOMRAM 000000
__Ldata                               data         000000
__LdataBANK0                          dataBANK0    000000
__LdataCOMRAM                         dataCOMRAM   000000
__Leeprom_data                        eeprom_data  000000
__Lfarbss                             farbss       000000
__Lfardata                            fardata      000000
__Lheap                               heap         000000
__Libigdata                           ibigdata     000000
__Lidata                              idata        000000
__LidataBANK0                         idataBANK0   000000
__LidataCOMRAM                        idataCOMRAM  000000
__Lidloc                              idloc        000000
__Lifardata                           ifardata     000000
__Linit                               init         00000E
__Lintcode                            intcode      000008
__Lintcode_body                       intcode_body 000000
__Lintcodelo                          intcodelo    00000E
__Lintentry                           intentry     000000
__Lintret                             intret       000000
__Lintsave_regs                       intsave_regs 000000
__Lirdata                             irdata       000000
__Lmediumconst                        mediumconst  000000
__LnvFARRAM                           nvFARRAM     000000
__Lnvbit                              nvbit        000000
__Lnvrram                             nvrram       000000
__Lparam                              rparam       000000
__Lpowerup                            powerup      00000E
__Lram                                ram          000000
__Lramtop                             ramtop       001000
__Lrbit                               rbit         000000
__Lrbss                               rbss         000000
__Lrdata                              rdata        000000
__Lreset_vec                          reset_vec    000000
__Lrparam                             rparam       000000
__Lsfr                                sfr          000000
__Lsmallconst                         smallconst   001000
__Lspace_0                            (abs)        000000
__Lspace_1                            (abs)        000000
__Lspace_2                            (abs)        000000
__Lspace_4                            (abs)        000000
__Lstack                              stack        000000
__Lstruct                             struct       000000
__Ltemp                               temp         00006B
__Ltext                               text         000000
__Ltext0                              text0        000000
__Ltext1                              text1        000000
__Ltext10                             text10       000000
__Ltext12                             text12       000000
__Ltext13                             text13       000000
__Ltext14                             text14       000000
__Ltext15                             text15       000000
__Ltext16                             text16       000000
__Ltext17                             text17       000000
__Ltext18                             text18       000000
__Ltext19                             text19       000000
__Ltext2                              text2        000000
__Ltext20                             text20       000000
__Ltext3                              text3        000000
__Ltext4                              text4        000000
__Ltext5                              text5        000000
__Ltext6                              text6        000000
__Ltext7                              text7        000000
__Ltext8                              text8        000000
__Ltext9                              text9        000000
__S0                                  (abs)        001C4A
__S1                                  (abs)        0000AA
__S4                                  (abs)        000000
__S5                                  (abs)        000000
___awdiv                              text19       00159E
___awdiv@counter                      cstackCOMRAM 00005A
___awdiv@dividend                     cstackCOMRAM 000056
___awdiv@divisor                      cstackCOMRAM 000058
___awdiv@quotient                     cstackCOMRAM 00005C
___awdiv@sign                         cstackCOMRAM 00005B
___awmod                              text18       001662
___awmod@counter                      cstackCOMRAM 00005A
___awmod@dividend                     cstackCOMRAM 000056
___awmod@divisor                      cstackCOMRAM 000058
___awmod@sign                         cstackCOMRAM 00005B
___heap_hi                            (abs)        000000
___heap_lo                            (abs)        000000
___inthi_sp                           stack        000000
___inthi_stack_hi                     stack        000000
___inthi_stack_lo                     stack        000000
___intlo_sp                           stack        000000
___intlo_stack_hi                     stack        000000
___intlo_stack_lo                     stack        000000
___param_bank                         (abs)        000000
___rparam_used                        (abs)        000001
___sp                                 stack        000000
___stack_hi                           stack        000000
___stack_lo                           stack        000000
__accesstop                           (abs)        000080
__activetblptr                        (abs)        000003
__end_of_InterruptManager             intcode_body 001958
__end_of_MY_TMR0_ISR                  text13       0011F2
__end_of_TMR0_ISR                     text12       001BF8
__end_of_Timer0_Init                  text7        0017A4
__end_of_Timer0_Mode_Select           text10       00181C
__end_of_Timer0_Prescaler_Config      text9        001A56
__end_of_Timer0_Register_Size_Config  text8        001BC2
__end_of___awdiv                      text19       001662
__end_of___awmod                      text18       001712
__end_of__initialization              cinit        0019A4
__end_of_gpio_pin_direction_init      text6        00146A
__end_of_gpio_pin_logic_write         text5        00132E
__end_of_gpio_pin_output_low_init     text4        0018F2
__end_of_init                         text1        001AA8
__end_of_led_init                     text3        001A02
__end_of_led_off                      text16       001B86
__end_of_led_on                       text15       001B3C
__end_of_main                         text0        001C4A
__end_of_seven_segment_init           text2        001AF2
__end_of_seven_segment_write          text14       00188C
__end_ofi2_gpio_pin_logic_write       text17       00159E
__initialization                      cinit        001958
__mediumconst                         mediumconst  000000
__pbssCOMRAM                          bssCOMRAM    00002C
__pcinit                              cinit        001958
__pcstackBANK0                        cstackBANK0  00009B
__pcstackCOMRAM                       cstackCOMRAM 000056
__pdataBANK0                          dataBANK0    000080
__pdataCOMRAM                         dataCOMRAM   000001
__pidataBANK0                         idataBANK0   001C23
__pidataCOMRAM                        idataCOMRAM  001BF8
__pintcode                            intcode      000008
__pintcode_body                       intcode_body 0018F2
__psmallconst                         smallconst   001000
__ptext0                              text0        001C3E
__ptext1                              text1        001A56
__ptext10                             text10       0017A4
__ptext12                             text12       001BC2
__ptext13                             text13       001006
__ptext14                             text14       00181C
__ptext15                             text15       001AF2
__ptext16                             text16       001B3C
__ptext17                             text17       00146A
__ptext18                             text18       001662
__ptext19                             text19       00159E
__ptext2                              text2        001AA8
__ptext20                             text20       000000
__ptext3                              text3        0019AE
__ptext4                              text4        00188C
__ptext5                              text5        0011F2
__ptext6                              text6        00132E
__ptext7                              text7        001712
__ptext8                              text8        001B86
__ptext9                              text9        001A02
__ramtop                              ramtop       001000
__smallconst                          smallconst   001000
_gpio_pin_direction_init              text6        00132E
_gpio_pin_logic_write                 text5        0011F2
_gpio_pin_output_low_init             text4        00188C
_green_counter                        dataCOMRAM   00000B
_init                                 text1        001A56
_latx                                 dataCOMRAM   000001
_led_green                            dataCOMRAM   000028
_led_init                             text3        0019AE
_led_off                              text16       001B3C
_led_on                               text15       001AF2
_led_red                              dataCOMRAM   00002A
_led_yellow                           dataCOMRAM   000026
_main                                 text0        001C3E
_n                                    dataCOMRAM   000011
_portx                                dataBANK0    000080
_red_counter                          dataCOMRAM   00000C
_ret                                  bssCOMRAM    00004C
_seg_green1                           dataCOMRAM   000017
_seg_green2                           dataCOMRAM   000012
_seg_red1                             dataCOMRAM   000021
_seg_red2                             dataCOMRAM   00001C
_seven_segment_init                   text2        001AA8
_seven_segment_write                  text14       00181C
_timer0                               dataBANK0    000094
_timer0_preload                       bssCOMRAM    000032
_trisx                                dataBANK0    00008A
btemp                                 temp         00006B
end_of_initialization                 cinit        0019A4
gpio_pin_direction_init@pin           cstackBANK0  00009B
gpio_pin_direction_init@pin_direction cstackBANK0  00009C
gpio_pin_direction_init@ret           cstackBANK0  0000A2
gpio_pin_logic_write@pin              cstackBANK0  00009B
gpio_pin_logic_write@pin_logic        cstackBANK0  00009C
gpio_pin_logic_write@ret              cstackBANK0  0000A2
gpio_pin_output_low_init@gpio_ret     cstackBANK0  0000A5
gpio_pin_output_low_init@pin          cstackBANK0  0000A3
gpio_pin_output_low_init@ret          cstackBANK0  0000A6
i2_gpio_pin_logic_write               text17       00146A
i2gpio_pin_logic_write@pin            cstackCOMRAM 000056
i2gpio_pin_logic_write@pin_logic      cstackCOMRAM 000057
i2gpio_pin_logic_write@ret            cstackCOMRAM 00005D
int$flags                             temp         00006B
int_func                              intcode_body 0018F2
intlevel0                             text         000000
intlevel1                             text         000000
intlevel2                             text         000000
intlevel3                             text         000000
isa$std                               (abs)        000001
isa$xinst                             (abs)        000000
lcd_send_custom_char@counter          bssCOMRAM    000051
lcd_send_number@number                bssCOMRAM    000055
lcd_send_number_pos@number            bssCOMRAM    000054
led_init@gpio_ret                     cstackBANK0  0000A8
led_init@led                          cstackBANK0  0000A7
led_init@ret                          cstackBANK0  0000A9
led_off@gpio_ret                      cstackCOMRAM 00005F
led_off@led                           cstackCOMRAM 00005E
led_on@gpio_ret                       cstackCOMRAM 00005F
led_on@led                            cstackCOMRAM 00005E
seven_segment_init@counter            bssCOMRAM    000053
seven_segment_init@gpio_ret           cstackBANK0  0000A8
seven_segment_init@ret                cstackBANK0  0000A9
seven_segment_init@seg                cstackBANK0  0000A7
seven_segment_write@counter           bssCOMRAM    000052
seven_segment_write@gpio_ret          cstackCOMRAM 000062
seven_segment_write@num               cstackCOMRAM 00005F
seven_segment_write@seg               cstackCOMRAM 00005E
stackhi                               (abs)        000000
stacklo                               (abs)        000000
start                                 init         00000E
start_initialization                  cinit        001958
ttemp5                                temp         00006C
ttemp6                                temp         00006F
ttemp7                                temp         000073
wtemp8                                temp         00006C


MODULE INFORMATION

Module		Function		Class		Link	Load	Size
MCAL/GPIO/gpio.c
		_gpio_pin_logic_write		CODE           	11F2	0000	316
		_gpio_pin_direction_init		CODE           	132E	0000	316
		_gpio_pin_output_low_init		CODE           	188C	0000	102

MCAL/GPIO/gpio.c estimated size: 734

MCAL/INTERRUPT/mcall_interrupt_manager.c
		_InterruptManager		CODE           	0008	0000	108

MCAL/INTERRUPT/mcall_interrupt_manager.c estimated size: 108

C:\Program Files\Microchip\xc8\v2.45\pic\sources\c99\common\awmod.c
		___awmod       		CODE           	1662	0000	176

C:\Program Files\Microchip\xc8\v2.45\pic\sources\c99\common\awmod.c estimated size: 176

shared
		__initialization		CODE           	1958	0000	76
		i2_gpio_pin_logic_write		CODE           	146A	0000	308

shared estimated size: 384

ECUAL/LED/led.c
		_led_init      		CODE           	19AE	0000	84
		_led_off       		CODE           	1B3C	0000	74
		_led_on        		CODE           	1AF2	0000	74

ECUAL/LED/led.c estimated size: 232

app.c
		_main          		CODE           	1C3E	0000	12
		_MY_TMR0_ISR   		CODE           	1006	0000	492

app.c estimated size: 504

MCAL/TIMER0/timer0.c
		_Timer0_Register_Size_Config		CODE           	1B86	0000	60
		_Timer0_Init   		CODE           	1712	0000	146
		_Timer0_Prescaler_Config		CODE           	1A02	0000	84
		_Timer0_Mode_Select		CODE           	17A4	0000	120
		_TMR0_ISR      		CODE           	1BC2	0000	54

MCAL/TIMER0/timer0.c estimated size: 464

init.c
		_init          		CODE           	1A56	0000	82

init.c estimated size: 82

ECUAL/7_SEGMENT/seven_segment.c
		_seven_segment_write		CODE           	181C	0000	112
		_seven_segment_init		CODE           	1AA8	0000	74

ECUAL/7_SEGMENT/seven_segment.c estimated size: 186

C:\Program Files\Microchip\xc8\v2.45\pic\sources\c99\common\awdiv.c
		___awdiv       		CODE           	159E	0000	196

C:\Program Files\Microchip\xc8\v2.45\pic\sources\c99\common\awdiv.c estimated size: 196

